------------------------------------------
System Report - Thu Feb 26 01:41:09 PM IST 2026
------------------------------------------
Uptime:
 13:41:09 up 32 min,  3 users,  load average: 0.08, 0.18, 0.35

Memory Usage:
               total        used        free      shared  buff/cache   available
Mem:            3867        1797         468          27        1867        2070
Swap:           3866           0        3866

Disk Usage:
Filesystem      Size  Used Avail Use% Mounted on
tmpfs           387M  2.0M  385M   1% /run
/dev/sda2        49G   12G   35G  25% /
tmpfs           1.9G     0  1.9G   0% /dev/shm
tmpfs           5.0M  8.0K  5.0M   1% /run/lock
tmpfs           387M  120K  387M   1% /run/user/1000
/dev/sr1        6.0G  6.0G     0 100% /media/yasmin/Ubuntu 24.04.3 LTS amd64
/dev/sr0         94M   94M     0 100% /media/yasmin/CDROM

CPU Load:
top - 13:41:09 up 32 min,  3 users,  load average: 0.08, 0.17, 0.35

------------------------------------------
System Report - Thu Feb 26 01:43:58 PM IST 2026
------------------------------------------
Uptime:
 13:43:58 up 35 min,  3 users,  load average: 0.00, 0.09, 0.29

Memory Usage:
               total        used        free      shared  buff/cache   available
Mem:            3867        1796         468          27        1868        2071
Swap:           3866           0        3866

Disk Usage:
Filesystem      Size  Used Avail Use% Mounted on
tmpfs           387M  2.0M  385M   1% /run
/dev/sda2        49G   12G   35G  25% /
tmpfs           1.9G     0  1.9G   0% /dev/shm
tmpfs           5.0M  8.0K  5.0M   1% /run/lock
tmpfs           387M  120K  387M   1% /run/user/1000
/dev/sr1        6.0G  6.0G     0 100% /media/yasmin/Ubuntu 24.04.3 LTS amd64
/dev/sr0         94M   94M     0 100% /media/yasmin/CDROM

CPU Load:
top - 13:43:59 up 35 min,  3 users,  load average: 0.00, 0.09, 0.29

